C:\Drive D\Code\Own\Swastix\Swastrix_API\SwastixPythonAPI\SwastixPythonAPI\main.py:193: DeprecationWarning: 
        on_event is deprecated, use lifespan event handlers instead.

        Read more about it in the
        [FastAPI docs for Lifespan Events](https://fastapi.tiangolo.com/advanced/events/).
        
  @app.on_event("startup")
C:\Drive D\Code\Own\Swastix\Swastrix_API\SwastixPythonAPI\SwastixPythonAPI\main.py:207: DeprecationWarning: 
        on_event is deprecated, use lifespan event handlers instead.

        Read more about it in the
        [FastAPI docs for Lifespan Events](https://fastapi.tiangolo.com/advanced/events/).
        
  @app.on_event("shutdown")
INFO:     Will watch for changes in these directories: ['C:\\Drive D\\Code\\Own\\Swastix\\Swastrix_API\\SwastixPythonAPI\\SwastixPythonAPI']
INFO:     Uvicorn running on http://0.0.0.0:8000 (Press CTRL+C to quit)
INFO:     Started reloader process [40472] using StatReload
INFO:     Started server process [31824]
INFO:     Waiting for application startup.
INFO:     Application startup complete.
INFO:     Shutting down
INFO:     Waiting for application shutdown.
INFO:     Application shutdown complete.
INFO:     Finished server process [31824]
